[INFO]2026-08-20 12:14:06,204 main.py:42: ------- OnlineBoutique Result at service level -------
[INFO]2026-08-20 12:14:25,530 data_integrate.py:481: [{'pod': 'adservice-5f6585d649-fnmft', 'alarm': [{'metric_type': 'MemoryUsageRate(%)', 'alarm_flag': True}]}]
[INFO]2026-08-20 12:15:03,213 data_integrate.py:550: Data Integrate Complete!
[INFO]2026-08-20 12:15:14,685 data_integrate.py:481: [{'pod': 'frontend-579b9bff58-t2dbm', 'alarm': [{'metric_type': 'CpuUsageRate(%)', 'alarm_flag': True}]}, {'pod': 'adservice-5f6585d649-fnmft', 'alarm': [{'metric_type': 'MemoryUsageRate(%)', 'alarm_flag': True}]}]
[INFO]2026-08-20 12:15:34,873 data_integrate.py:550: Data Integrate Complete!
[INFO]2026-08-20 12:15:35,022 pattern_ranker.py:192: Soted Result List: [{'events': '76_4', 'score': 1.0, 'deepth': 1, 'pod': 'frontend-579b9bff58-t2dbm', 'resource': 'CpuUsageRate(%)'}, {'events': '104_106', 'score': 0.7028169014084507, 'deepth': 2, 'pod': 'currencyservice-cf787dd48-vpjrd'}]
[INFO]2026-08-20 12:15:35,088 pattern_ranker.py:545: 2022-08-22 03:53:54 Inject RCA Pod Result:
[INFO]2026-08-20 12:15:35,088 pattern_ranker.py:546: 2022-08-22 03:53:54 Inject Ground Truth: frontend-579b9bff58-t2dbm, cpu_contention
[INFO]2026-08-20 12:15:35,088 pattern_ranker.py:559: 2022-08-22 03:53:54 Inject Ground Truth: frontend-579b9bff58-t2dbm, cpu_contention score 1
[INFO]2026-08-20 12:15:35,088 pattern_ranker.py:597: source :frontend hipstershop.Frontend/Recv. start, target: TraceID: <:TRACEID:> SpanID: <:SPANID:> Request started, score: 1.0, deepth: 1, pod frontend-579b9bff58-t2dbm, resource CpuUsageRate(%)
[INFO]2026-08-20 12:15:35,088 pattern_ranker.py:600: source :currencyservice grpc.hipstershop.CurrencyService/Convert start, target: currencyservice hipstershop.CurrencyService/Carry start, score: 0.7028169014084507, deepth: 2, pod currencyservice-cf787dd48-vpjrd
[INFO]2026-08-20 12:15:35,089 pattern_ranker.py:602: 
[INFO]2026-08-20 12:15:43,858 data_integrate.py:481: [{'pod': 'adservice-5f6585d649-fnmft', 'alarm': [{'metric_type': 'MemoryUsageRate(%)', 'alarm_flag': True}]}]
[INFO]2026-08-20 12:16:09,040 data_integrate.py:550: Data Integrate Complete!
[ERROR]2026-08-20 12:16:10,221 pattern_ranker.py:185: Catch an exception: pop index out of range
[INFO]2026-08-20 12:16:10,222 pattern_ranker.py:192: Soted Result List: [{'events': '120_198', 'score': 1.0, 'deepth': 4, 'pod': 'adservice-5f6585d649-fnmft', 'resource': 'MemoryUsageRate(%)'}, {'events': '28_119', 'score': 1.0, 'deepth': 4, 'pod': 'adservice-5f6585d649-fnmft', 'resource': 'MemoryUsageRate(%)'}, {'events': '28_120', 'score': 1.0, 'deepth': 4, 'pod': 'adservice-5f6585d649-fnmft', 'resource': 'MemoryUsageRate(%)'}, {'events': '18_78', 'score': 1.0, 'deepth': 1, 'pod': 'frontend-579b9bff58-t2dbm'}, {'events': '18_17', 'score': 1.0, 'deepth': 1, 'pod': 'frontend-579b9bff58-t2dbm'}, {'events': '18_80', 'score': 1.0, 'deepth': 1, 'pod': 'frontend-579b9bff58-t2dbm'}, {'events': '18_82', 'score': 1.0, 'deepth': 1, 'pod': 'frontend-579b9bff58-t2dbm'}, {'events': '18_84', 'score': 1.0, 'deepth': 1, 'pod': 'frontend-579b9bff58-t2dbm'}, {'events': '18_86', 'score': 1.0, 'deepth': 1, 'pod': 'frontend-579b9bff58-t2dbm'}, {'events': '16_15', 'score': 1.0, 'deepth': 1, 'pod': 'frontend-579b9bff58-t2dbm'}]
[INFO]2026-08-20 12:16:10,330 pattern_ranker.py:545: 2022-08-22 04:02:07 Inject RCA Pod Result:
[INFO]2026-08-20 12:16:10,330 pattern_ranker.py:546: 2022-08-22 04:02:07 Inject Ground Truth: frontend-579b9bff58-t2dbm, return
[INFO]2026-08-20 12:16:10,330 pattern_ranker.py:575: 2022-08-22 04:02:07 Inject Ground Truth: frontend-579b9bff58-t2dbm, return score 2
[INFO]2026-08-20 12:16:10,330 pattern_ranker.py:597: source :adservice hipstershop.AdService/<:SPANID:> start, target: MemoryUsageRate(%), score: 1.0, deepth: 4, pod adservice-5f6585d649-fnmft, resource MemoryUsageRate(%)
[INFO]2026-08-20 12:16:10,330 pattern_ranker.py:597: source :<:NUM:>:<:NUM:>:<:NUM:>.<:NUM:> INFO - TraceID: <:TRACEID:> SpanID: <:SPANID:> Received ad request (context words=<:ITEM:>, target: adservice hipstershop.AdServiceImpl/getAds end, score: 1.0, deepth: 4, pod adservice-5f6585d649-fnmft, resource MemoryUsageRate(%)
[INFO]2026-08-20 12:16:10,330 pattern_ranker.py:597: source :<:NUM:>:<:NUM:>:<:NUM:>.<:NUM:> INFO - TraceID: <:TRACEID:> SpanID: <:SPANID:> Received ad request (context words=<:ITEM:>, target: adservice hipstershop.AdService/<:SPANID:> start, score: 1.0, deepth: 4, pod adservice-5f6585d649-fnmft, resource MemoryUsageRate(%)
[INFO]2026-08-20 12:16:10,330 pattern_ranker.py:600: source :TraceID: <:TRACEID:> SpanID: <:SPANID:> Serving product page started, target: frontend hipstershop.ProductCatalogService/GetProduct start, score: 1.0, deepth: 1, pod frontend-579b9bff58-t2dbm
[INFO]2026-08-20 12:16:10,330 pattern_ranker.py:600: source :TraceID: <:TRACEID:> SpanID: <:SPANID:> Serving product page started, target: TraceID: <:TRACEID:> SpanID: <:SPANID:> Choose Ad started, score: 1.0, deepth: 1, pod frontend-579b9bff58-t2dbm
[INFO]2026-08-20 12:16:10,330 pattern_ranker.py:600: source :TraceID: <:TRACEID:> SpanID: <:SPANID:> Serving product page started, target: frontend hipstershop.CurrencyService/GetSupportedCurrencies start, score: 1.0, deepth: 1, pod frontend-579b9bff58-t2dbm
[INFO]2026-08-20 12:16:10,330 pattern_ranker.py:600: source :TraceID: <:TRACEID:> SpanID: <:SPANID:> Serving product page started, target: frontend hipstershop.CartService/GetCart start, score: 1.0, deepth: 1, pod frontend-579b9bff58-t2dbm
[INFO]2026-08-20 12:16:10,331 pattern_ranker.py:600: source :TraceID: <:TRACEID:> SpanID: <:SPANID:> Serving product page started, target: frontend hipstershop.CurrencyService/Convert start, score: 1.0, deepth: 1, pod frontend-579b9bff58-t2dbm
[INFO]2026-08-20 12:16:10,331 pattern_ranker.py:600: source :TraceID: <:TRACEID:> SpanID: <:SPANID:> Serving product page started, target: frontend hipstershop.RecommendationService/ListRecommendations start, score: 1.0, deepth: 1, pod frontend-579b9bff58-t2dbm
[INFO]2026-08-20 12:16:10,331 pattern_ranker.py:600: source :TraceID: <:TRACEID:> SpanID: <:SPANID:> Choose Ad complete, target: TraceID: <:TRACEID:> SpanID: <:SPANID:> Serving product page complete, score: 1.0, deepth: 1, pod frontend-579b9bff58-t2dbm
[INFO]2026-08-20 12:16:10,331 pattern_ranker.py:602: 
[INFO]2026-08-20 12:16:22,859 data_integrate.py:481: [{'pod': 'frontend-579b9bff58-t2dbm', 'alarm': [{'metric_type': 'CpuUsageRate(%)', 'alarm_flag': True}]}, {'pod': 'adservice-5f6585d649-fnmft', 'alarm': [{'metric_type': 'MemoryUsageRate(%)', 'alarm_flag': True}]}]
[INFO]2026-08-20 12:16:47,368 data_integrate.py:550: Data Integrate Complete!
[INFO]2026-08-20 12:16:47,567 pattern_ranker.py:192: Soted Result List: [{'events': '76_4', 'score': 1.0, 'deepth': 1, 'pod': 'frontend-579b9bff58-t2dbm', 'resource': 'CpuUsageRate(%)'}, {'events': '24_100', 'score': 0.75, 'deepth': 3, 'pod': 'currencyservice-cf787dd48-vpjrd'}]
[INFO]2026-08-20 12:16:47,647 pattern_ranker.py:545: 2022-08-22 04:10:20 Inject RCA Pod Result:
[INFO]2026-08-20 12:16:47,647 pattern_ranker.py:546: 2022-08-22 04:10:20 Inject Ground Truth: frontend-579b9bff58-t2dbm, cpu_consumed
[INFO]2026-08-20 12:16:47,647 pattern_ranker.py:559: 2022-08-22 04:10:20 Inject Ground Truth: frontend-579b9bff58-t2dbm, cpu_consumed score 1
[INFO]2026-08-20 12:16:47,647 pattern_ranker.py:597: source :frontend hipstershop.Frontend/Recv. start, target: TraceID: <:TRACEID:> SpanID: <:SPANID:> Request started, score: 1.0, deepth: 1, pod frontend-579b9bff58-t2dbm, resource CpuUsageRate(%)
[INFO]2026-08-20 12:16:47,647 pattern_ranker.py:600: source :TraceID: <:TRACEID:> SpanID: <:SPANID:> Getting supported currencies..., target: currencyservice hipstershop.CurrencyService/GetCurrencyData start, score: 0.75, deepth: 3, pod currencyservice-cf787dd48-vpjrd
[INFO]2026-08-20 12:16:47,647 pattern_ranker.py:602: 
[INFO]2026-08-20 12:17:05,975 data_integrate.py:481: [{'pod': 'adservice-5f6585d649-fnmft', 'alarm': [{'metric_type': 'MemoryUsageRate(%)', 'alarm_flag': True}]}]
[INFO]2026-08-20 12:17:44,869 data_integrate.py:550: Data Integrate Complete!
[INFO]2026-08-20 12:17:44,937 pattern_ranker.py:192: Soted Result List: [{'events': '50_49', 'score': 1.0, 'deepth': 1, 'pod': 'frontend-579b9bff58-t2dbm'}]
[INFO]2026-08-20 12:17:45,043 pattern_ranker.py:545: 2022-08-22 04:18:35 Inject RCA Pod Result:
[INFO]2026-08-20 12:17:45,044 pattern_ranker.py:546: 2022-08-22 04:18:35 Inject Ground Truth: frontend-579b9bff58-t2dbm, exception
[INFO]2026-08-20 12:17:45,044 pattern_ranker.py:575: 2022-08-22 04:18:35 Inject Ground Truth: frontend-579b9bff58-t2dbm, exception score 1
[INFO]2026-08-20 12:17:45,044 pattern_ranker.py:600: source :TraceID: <:TRACEID:> SpanID: <:SPANID:> Placing order started, target: TraceID: <:TRACEID:> SpanID: <:SPANID:> Order placed complete, score: 1.0, deepth: 1, pod frontend-579b9bff58-t2dbm
[INFO]2026-08-20 12:17:45,044 pattern_ranker.py:602: 
[INFO]2026-08-20 12:18:00,900 data_integrate.py:481: [{'pod': 'adservice-5f6585d649-fnmft', 'alarm': [{'metric_type': 'MemoryUsageRate(%)', 'alarm_flag': True}]}, {'pod': 'cartservice-579f59597d-wc2lz', 'alarm': [{'metric_type': 'NetworkP90(ms)', 'alarm_flag': True}]}]
[INFO]2026-08-20 12:18:35,398 data_integrate.py:550: Data Integrate Complete!
[INFO]2026-08-20 12:18:35,841 pattern_ranker.py:192: Soted Result List: [{'events': '102_25', 'score': 1.0, 'deepth': 6, 'pod': 'cartservice-579f59597d-wc2lz', 'resource': 'NetworkP90(ms)'}, {'events': '24_100', 'score': 1.0, 'deepth': 3, 'pod': 'currencyservice-cf787dd48-vpjrd'}]
[INFO]2026-08-20 12:18:35,943 pattern_ranker.py:545: 2022-08-22 04:27:03 Inject RCA Pod Result:
[INFO]2026-08-20 12:18:35,943 pattern_ranker.py:546: 2022-08-22 04:27:03 Inject Ground Truth: cartservice-579f59597d-wc2lz, network_delay
[INFO]2026-08-20 12:18:35,943 pattern_ranker.py:559: 2022-08-22 04:27:03 Inject Ground Truth: cartservice-579f59597d-wc2lz, network_delay score 1
[INFO]2026-08-20 12:18:35,943 pattern_ranker.py:597: source :cartservice hipstershop.CartService/GetCart start, target: TraceID: <:TRACEID:> SpanID: <:SPANID:> GetCartAsync called with userId=<:USERID:>, score: 1.0, deepth: 6, pod cartservice-579f59597d-wc2lz, resource NetworkP90(ms)
[INFO]2026-08-20 12:18:35,943 pattern_ranker.py:600: source :TraceID: <:TRACEID:> SpanID: <:SPANID:> Getting supported currencies..., target: currencyservice hipstershop.CurrencyService/GetCurrencyData start, score: 1.0, deepth: 3, pod currencyservice-cf787dd48-vpjrd
[INFO]2026-08-20 12:18:35,943 pattern_ranker.py:602: 
[INFO]2026-08-20 12:18:56,561 data_integrate.py:481: [{'pod': 'adservice-5f6585d649-fnmft', 'alarm': [{'metric_type': 'MemoryUsageRate(%)', 'alarm_flag': True}]}, {'pod': 'cartservice-579f59597d-wc2lz', 'alarm': [{'metric_type': 'CpuUsageRate(%)', 'alarm_flag': True}]}]
[INFO]2026-08-20 12:19:47,085 data_integrate.py:550: Data Integrate Complete!
[INFO]2026-08-20 12:19:47,380 pattern_ranker.py:192: Soted Result List: [{'events': '102_25', 'score': 1.0, 'deepth': 6, 'pod': 'cartservice-579f59597d-wc2lz', 'resource': 'CpuUsageRate(%)'}]
[INFO]2026-08-20 12:19:47,495 pattern_ranker.py:545: 2022-08-22 04:36:03 Inject RCA Pod Result:
[INFO]2026-08-20 12:19:47,495 pattern_ranker.py:546: 2022-08-22 04:36:03 Inject Ground Truth: cartservice-579f59597d-wc2lz, cpu_contention
[INFO]2026-08-20 12:19:47,495 pattern_ranker.py:559: 2022-08-22 04:36:03 Inject Ground Truth: cartservice-579f59597d-wc2lz, cpu_contention score 1
[INFO]2026-08-20 12:19:47,496 pattern_ranker.py:597: source :cartservice hipstershop.CartService/GetCart start, target: TraceID: <:TRACEID:> SpanID: <:SPANID:> GetCartAsync called with userId=<:USERID:>, score: 1.0, deepth: 6, pod cartservice-579f59597d-wc2lz, resource CpuUsageRate(%)
[INFO]2026-08-20 12:19:47,496 pattern_ranker.py:602: 
[INFO]2026-08-20 12:20:05,332 data_integrate.py:481: [{'pod': 'checkoutservice-578fcf4766-9csqn', 'alarm': [{'metric_type': 'CpuUsageRate(%)', 'alarm_flag': True}]}, {'pod': 'adservice-5f6585d649-fnmft', 'alarm': [{'metric_type': 'MemoryUsageRate(%)', 'alarm_flag': True}]}]
[INFO]2026-08-20 12:20:44,173 data_integrate.py:550: Data Integrate Complete!
[INFO]2026-08-20 12:20:44,945 pattern_ranker.py:192: Soted Result List: [{'events': '158_65', 'score': 1.0, 'deepth': 4, 'pod': 'checkoutservice-578fcf4766-9csqn', 'resource': 'CpuUsageRate(%)'}]
[INFO]2026-08-20 12:20:45,057 pattern_ranker.py:545: 2022-08-22 04:44:16 Inject RCA Pod Result:
[INFO]2026-08-20 12:20:45,057 pattern_ranker.py:546: 2022-08-22 04:44:16 Inject Ground Truth: checkoutservice-578fcf4766-9csqn, cpu_contention
[INFO]2026-08-20 12:20:45,057 pattern_ranker.py:559: 2022-08-22 04:44:16 Inject Ground Truth: checkoutservice-578fcf4766-9csqn, cpu_contention score 1
[INFO]2026-08-20 12:20:45,057 pattern_ranker.py:597: source :checkoutservice hipstershop.CheckoutService/ConvertCurrency start, target: TraceID: <:TRACEID:> SpanID: <:SPANID:> Start convert currency from currency code:<:ITEM:>, score: 1.0, deepth: 4, pod checkoutservice-578fcf4766-9csqn, resource CpuUsageRate(%)
[INFO]2026-08-20 12:20:45,057 pattern_ranker.py:602: 
[INFO]2026-08-20 12:21:04,504 data_integrate.py:481: [{'pod': 'checkoutservice-578fcf4766-9csqn', 'alarm': [{'metric_type': 'NetworkP90(ms)', 'alarm_flag': True}]}, {'pod': 'adservice-5f6585d649-fnmft', 'alarm': [{'metric_type': 'MemoryUsageRate(%)', 'alarm_flag': True}]}]
[INFO]2026-08-20 12:21:39,861 data_integrate.py:550: Data Integrate Complete!
[INFO]2026-08-20 12:21:40,272 pattern_ranker.py:192: Soted Result List: [{'events': '158_65', 'score': 1.0, 'deepth': 4, 'pod': 'checkoutservice-578fcf4766-9csqn', 'resource': 'NetworkP90(ms)'}]
[INFO]2026-08-20 12:21:40,386 pattern_ranker.py:545: 2022-08-22 04:52:55 Inject RCA Pod Result:
[INFO]2026-08-20 12:21:40,386 pattern_ranker.py:546: 2022-08-22 04:52:55 Inject Ground Truth: checkoutservice-578fcf4766-9csqn, network_delay
[INFO]2026-08-20 12:21:40,386 pattern_ranker.py:559: 2022-08-22 04:52:55 Inject Ground Truth: checkoutservice-578fcf4766-9csqn, network_delay score 1
[INFO]2026-08-20 12:21:40,386 pattern_ranker.py:597: source :checkoutservice hipstershop.CheckoutService/ConvertCurrency start, target: TraceID: <:TRACEID:> SpanID: <:SPANID:> Start convert currency from currency code:<:ITEM:>, score: 1.0, deepth: 4, pod checkoutservice-578fcf4766-9csqn, resource NetworkP90(ms)
[INFO]2026-08-20 12:21:40,386 pattern_ranker.py:602: 
[INFO]2026-08-20 12:21:58,726 data_integrate.py:481: [{'pod': 'currencyservice-cf787dd48-vpjrd', 'alarm': [{'metric_type': 'CpuUsageRate(%)', 'alarm_flag': True}]}, {'pod': 'adservice-5f6585d649-fnmft', 'alarm': [{'metric_type': 'MemoryUsageRate(%)', 'alarm_flag': True}]}]
[INFO]2026-08-20 12:22:33,444 data_integrate.py:550: Data Integrate Complete!
[INFO]2026-08-20 12:22:34,104 pattern_ranker.py:192: Soted Result List: [{'events': '62_61', 'score': 1.0, 'deepth': 4, 'pod': 'checkoutservice-578fcf4766-9csqn'}, {'events': '62_150', 'score': 1.0, 'deepth': 4, 'pod': 'checkoutservice-578fcf4766-9csqn'}, {'events': '73_60', 'score': 1.0, 'deepth': 3, 'pod': 'checkoutservice-578fcf4766-9csqn'}, {'events': '104_23', 'score': 1.0, 'deepth': 2, 'pod': 'currencyservice-cf787dd48-vpjrd', 'resource': 'CpuUsageRate(%)'}, {'events': '50_49', 'score': 1.0, 'deepth': 1, 'pod': 'frontend-579b9bff58-t2dbm'}]
[INFO]2026-08-20 12:22:34,204 pattern_ranker.py:545: 2022-08-22 05:01:13 Inject RCA Pod Result:
[INFO]2026-08-20 12:22:34,204 pattern_ranker.py:546: 2022-08-22 05:01:13 Inject Ground Truth: checkoutservice-578fcf4766-9csqn, exception
[INFO]2026-08-20 12:22:34,204 pattern_ranker.py:575: 2022-08-22 05:01:13 Inject Ground Truth: checkoutservice-578fcf4766-9csqn, exception score 1
[INFO]2026-08-20 12:22:34,204 pattern_ranker.py:600: source :TraceID: <:TRACEID:> SpanID: <:SPANID:> Start charge card, target: TraceID: <:TRACEID:> SpanID: <:SPANID:> Charge successfully, score: 1.0, deepth: 4, pod checkoutservice-578fcf4766-9csqn
[INFO]2026-08-20 12:22:34,204 pattern_ranker.py:600: source :TraceID: <:TRACEID:> SpanID: <:SPANID:> Start charge card, target: checkoutservice hipstershop.PaymentService/Charge start, score: 1.0, deepth: 4, pod checkoutservice-578fcf4766-9csqn
[INFO]2026-08-20 12:22:34,205 pattern_ranker.py:600: source :TraceID: <:TRACEID:> SpanID: <:SPANID:> Get OrderID <:USERID:>, target: TraceID: <:TRACEID:> SpanID: <:SPANID:> Payment went through (transaction id: <:*:>, score: 1.0, deepth: 3, pod checkoutservice-578fcf4766-9csqn
[INFO]2026-08-20 12:22:34,205 pattern_ranker.py:597: source :currencyservice grpc.hipstershop.CurrencyService/Convert start, target: TraceID: <:TRACEID:> SpanID: <:SPANID:> Received conversion request, score: 1.0, deepth: 2, pod currencyservice-cf787dd48-vpjrd, resource CpuUsageRate(%)
[INFO]2026-08-20 12:22:34,205 pattern_ranker.py:600: source :TraceID: <:TRACEID:> SpanID: <:SPANID:> Placing order started, target: TraceID: <:TRACEID:> SpanID: <:SPANID:> Order placed complete, score: 1.0, deepth: 1, pod frontend-579b9bff58-t2dbm
[INFO]2026-08-20 12:22:34,205 pattern_ranker.py:602: 
[INFO]2026-08-20 12:22:52,826 data_integrate.py:481: [{'pod': 'adservice-5f6585d649-fnmft', 'alarm': [{'metric_type': 'MemoryUsageRate(%)', 'alarm_flag': True}]}]
[INFO]2026-08-20 12:23:39,522 data_integrate.py:550: Data Integrate Complete!
[INFO]2026-08-20 12:23:39,677 pattern_ranker.py:192: Soted Result List: [{'events': '62_61', 'score': 1.0, 'deepth': 4, 'pod': 'checkoutservice-578fcf4766-9csqn'}, {'events': '73_60', 'score': 1.0, 'deepth': 3, 'pod': 'checkoutservice-578fcf4766-9csqn'}, {'events': '50_49', 'score': 1.0, 'deepth': 1, 'pod': 'frontend-579b9bff58-t2dbm'}]
[INFO]2026-08-20 12:23:39,788 pattern_ranker.py:545: 2022-08-22 05:09:50 Inject RCA Pod Result:
[INFO]2026-08-20 12:23:39,788 pattern_ranker.py:546: 2022-08-22 05:09:50 Inject Ground Truth: checkoutservice-578fcf4766-9csqn, return
[INFO]2026-08-20 12:23:39,788 pattern_ranker.py:575: 2022-08-22 05:09:50 Inject Ground Truth: checkoutservice-578fcf4766-9csqn, return score 1
[INFO]2026-08-20 12:23:39,788 pattern_ranker.py:600: source :TraceID: <:TRACEID:> SpanID: <:SPANID:> Start charge card, target: TraceID: <:TRACEID:> SpanID: <:SPANID:> Charge successfully, score: 1.0, deepth: 4, pod checkoutservice-578fcf4766-9csqn
[INFO]2026-08-20 12:23:39,788 pattern_ranker.py:600: source :TraceID: <:TRACEID:> SpanID: <:SPANID:> Get OrderID <:USERID:>, target: TraceID: <:TRACEID:> SpanID: <:SPANID:> Payment went through (transaction id: <:*:>, score: 1.0, deepth: 3, pod checkoutservice-578fcf4766-9csqn
[INFO]2026-08-20 12:23:39,788 pattern_ranker.py:600: source :TraceID: <:TRACEID:> SpanID: <:SPANID:> Placing order started, target: TraceID: <:TRACEID:> SpanID: <:SPANID:> Order placed complete, score: 1.0, deepth: 1, pod frontend-579b9bff58-t2dbm
[INFO]2026-08-20 12:23:39,789 pattern_ranker.py:602: 
[INFO]2026-08-20 12:23:43,289 data_integrate.py:481: [{'pod': 'currencyservice-cf787dd48-vpjrd', 'alarm': [{'metric_type': 'CpuUsageRate(%)', 'alarm_flag': True}]}, {'pod': 'adservice-5f6585d649-fnmft', 'alarm': [{'metric_type': 'MemoryUsageRate(%)', 'alarm_flag': True}]}]
[INFO]2026-08-20 12:23:49,519 data_integrate.py:550: Data Integrate Complete!
[INFO]2026-08-20 12:23:51,155 pattern_ranker.py:192: Soted Result List: [{'events': '104_23', 'score': 1.0, 'deepth': 2, 'pod': 'currencyservice-cf787dd48-vpjrd', 'resource': 'CpuUsageRate(%)'}, {'events': '4_18', 'score': 0.8644688644688645, 'deepth': 1, 'pod': 'frontend-579b9bff58-t2dbm'}, {'events': '16_15', 'score': 0.8644688644688645, 'deepth': 1, 'pod': 'frontend-579b9bff58-t2dbm'}, {'events': '120_198', 'score': 0.8567493112947658, 'deepth': 4, 'pod': 'adservice-5f6585d649-fnmft', 'resource': 'MemoryUsageRate(%)'}, {'events': '4_3', 'score': 0.8285714285714286, 'deepth': 1, 'pod': 'frontend-579b9bff58-t2dbm'}, {'events': '76_4', 'score': 0.8116883116883117, 'deepth': 1, 'pod': 'frontend-579b9bff58-t2dbm'}, {'events': '69_146', 'score': 0.7924528301886793, 'deepth': 5, 'pod': 'checkoutservice-578fcf4766-9csqn'}, {'events': '69_158', 'score': 0.7924528301886793, 'deepth': 5, 'pod': 'checkoutservice-578fcf4766-9csqn'}, {'events': '38_84', 'score': 0.7769607843137255, 'deepth': 1, 'pod': 'frontend-579b9bff58-t2dbm'}]
[INFO]2026-08-20 12:23:51,181 pattern_ranker.py:545: 2022-08-22 05:18:09 Inject RCA Pod Result:
[INFO]2026-08-20 12:23:51,181 pattern_ranker.py:546: 2022-08-22 05:18:09 Inject Ground Truth: currencyservice-cf787dd48-vpjrd, cpu_contention
[INFO]2026-08-20 12:23:51,181 pattern_ranker.py:559: 2022-08-22 05:18:09 Inject Ground Truth: currencyservice-cf787dd48-vpjrd, cpu_contention score 1
[INFO]2026-08-20 12:23:51,181 pattern_ranker.py:597: source :currencyservice grpc.hipstershop.CurrencyService/Convert start, target: TraceID: <:TRACEID:> SpanID: <:SPANID:> Received conversion request, score: 1.0, deepth: 2, pod currencyservice-cf787dd48-vpjrd, resource CpuUsageRate(%)
[INFO]2026-08-20 12:23:51,181 pattern_ranker.py:600: source :TraceID: <:TRACEID:> SpanID: <:SPANID:> Request started, target: TraceID: <:TRACEID:> SpanID: <:SPANID:> Serving product page started, score: 0.8644688644688645, deepth: 1, pod frontend-579b9bff58-t2dbm
[INFO]2026-08-20 12:23:51,181 pattern_ranker.py:600: source :TraceID: <:TRACEID:> SpanID: <:SPANID:> Choose Ad complete, target: TraceID: <:TRACEID:> SpanID: <:SPANID:> Serving product page complete, score: 0.8644688644688645, deepth: 1, pod frontend-579b9bff58-t2dbm
[INFO]2026-08-20 12:23:51,181 pattern_ranker.py:597: source :adservice hipstershop.AdService/<:SPANID:> start, target: MemoryUsageRate(%), score: 0.8567493112947658, deepth: 4, pod adservice-5f6585d649-fnmft, resource MemoryUsageRate(%)
[INFO]2026-08-20 12:23:51,181 pattern_ranker.py:600: source :TraceID: <:TRACEID:> SpanID: <:SPANID:> Request started, target: TraceID: <:TRACEID:> SpanID: <:SPANID:> Adding to cart started, score: 0.8285714285714286, deepth: 1, pod frontend-579b9bff58-t2dbm
[INFO]2026-08-20 12:23:51,182 pattern_ranker.py:600: source :frontend hipstershop.Frontend/Recv. start, target: TraceID: <:TRACEID:> SpanID: <:SPANID:> Request started, score: 0.8116883116883117, deepth: 1, pod frontend-579b9bff58-t2dbm
[INFO]2026-08-20 12:23:51,182 pattern_ranker.py:600: source :TraceID: <:TRACEID:> SpanID: <:SPANID:> Start query cost of products<:ITEM:>, target: checkoutservice hipstershop.ProductCatalogService/GetProduct start, score: 0.7924528301886793, deepth: 5, pod checkoutservice-578fcf4766-9csqn
[INFO]2026-08-20 12:23:51,182 pattern_ranker.py:600: source :TraceID: <:TRACEID:> SpanID: <:SPANID:> Start query cost of products<:ITEM:>, target: checkoutservice hipstershop.CheckoutService/ConvertCurrency start, score: 0.7924528301886793, deepth: 5, pod checkoutservice-578fcf4766-9csqn
[INFO]2026-08-20 12:23:51,182 pattern_ranker.py:600: source :TraceID: <:TRACEID:> SpanID: <:SPANID:> View user cart start, target: frontend hipstershop.CurrencyService/Convert start, score: 0.7769607843137255, deepth: 1, pod frontend-579b9bff58-t2dbm
[INFO]2026-08-20 12:23:51,182 pattern_ranker.py:602: 
[INFO]2026-08-20 12:24:00,064 data_integrate.py:481: [{'pod': 'currencyservice-cf787dd48-vpjrd', 'alarm': [{'metric_type': 'NetworkP90(ms)', 'alarm_flag': True}]}, {'pod': 'adservice-5f6585d649-fnmft', 'alarm': [{'metric_type': 'MemoryUsageRate(%)', 'alarm_flag': True}]}]
[INFO]2026-08-20 12:24:18,784 data_integrate.py:550: Data Integrate Complete!
[INFO]2026-08-20 12:24:19,298 pattern_ranker.py:192: Soted Result List: [{'events': '104_23', 'score': 1.0, 'deepth': 2, 'pod': 'currencyservice-cf787dd48-vpjrd', 'resource': 'NetworkP90(ms)'}]
[INFO]2026-08-20 12:24:19,364 pattern_ranker.py:545: 2022-08-22 05:27:06 Inject RCA Pod Result:
[INFO]2026-08-20 12:24:19,364 pattern_ranker.py:546: 2022-08-22 05:27:06 Inject Ground Truth: currencyservice-cf787dd48-vpjrd, network_delay
[INFO]2026-08-20 12:24:19,364 pattern_ranker.py:559: 2022-08-22 05:27:06 Inject Ground Truth: currencyservice-cf787dd48-vpjrd, network_delay score 1
[INFO]2026-08-20 12:24:19,364 pattern_ranker.py:597: source :currencyservice grpc.hipstershop.CurrencyService/Convert start, target: TraceID: <:TRACEID:> SpanID: <:SPANID:> Received conversion request, score: 1.0, deepth: 2, pod currencyservice-cf787dd48-vpjrd, resource NetworkP90(ms)
[INFO]2026-08-20 12:24:19,364 pattern_ranker.py:602: 
[INFO]2026-08-20 12:24:37,832 data_integrate.py:481: [{'pod': 'emailservice-55fdc5b988-f6xth', 'alarm': [{'metric_type': 'CpuUsageRate(%)', 'alarm_flag': True}]}, {'pod': 'adservice-5f6585d649-fnmft', 'alarm': [{'metric_type': 'MemoryUsageRate(%)', 'alarm_flag': True}]}]
[INFO]2026-08-20 12:25:19,809 data_integrate.py:550: Data Integrate Complete!
[INFO]2026-08-20 12:25:19,891 pattern_ranker.py:192: Soted Result List: [{'events': '187_52', 'score': 1.0, 'deepth': 5, 'pod': 'emailservice-55fdc5b988-f6xth', 'resource': 'CpuUsageRate(%)'}]
[INFO]2026-08-20 12:25:19,991 pattern_ranker.py:545: 2022-08-22 05:35:34 Inject RCA Pod Result:
[INFO]2026-08-20 12:25:19,991 pattern_ranker.py:546: 2022-08-22 05:35:34 Inject Ground Truth: emailservice-55fdc5b988-f6xth, cpu_contention
[INFO]2026-08-20 12:25:19,991 pattern_ranker.py:559: 2022-08-22 05:35:34 Inject Ground Truth: emailservice-55fdc5b988-f6xth, cpu_contention score 1
[INFO]2026-08-20 12:25:19,991 pattern_ranker.py:597: source :emailservice /hipstershop.EmailService/SendOrderConfirmation start, target: TraceID: <:TRACEID:> SpanID: <:SPANID:> Send order confirmation email to someone@example.com start., score: 1.0, deepth: 5, pod emailservice-55fdc5b988-f6xth, resource CpuUsageRate(%)
[INFO]2026-08-20 12:25:19,991 pattern_ranker.py:602: 
[INFO]2026-08-20 12:25:38,507 data_integrate.py:481: [{'pod': 'emailservice-55fdc5b988-f6xth', 'alarm': [{'metric_type': 'NetworkP90(ms)', 'alarm_flag': True}]}, {'pod': 'adservice-5f6585d649-fnmft', 'alarm': [{'metric_type': 'MemoryUsageRate(%)', 'alarm_flag': True}]}]
[INFO]2026-08-20 12:26:16,152 data_integrate.py:550: Data Integrate Complete!
[INFO]2026-08-20 12:26:16,228 pattern_ranker.py:192: Soted Result List: [{'events': '187_52', 'score': 1.0, 'deepth': 5, 'pod': 'emailservice-55fdc5b988-f6xth', 'resource': 'NetworkP90(ms)'}]
[INFO]2026-08-20 12:26:16,329 pattern_ranker.py:545: 2022-08-22 05:43:48 Inject RCA Pod Result:
[INFO]2026-08-20 12:26:16,329 pattern_ranker.py:546: 2022-08-22 05:43:48 Inject Ground Truth: emailservice-55fdc5b988-f6xth, network_delay
[INFO]2026-08-20 12:26:16,329 pattern_ranker.py:559: 2022-08-22 05:43:48 Inject Ground Truth: emailservice-55fdc5b988-f6xth, network_delay score 1
[INFO]2026-08-20 12:26:16,329 pattern_ranker.py:597: source :emailservice /hipstershop.EmailService/SendOrderConfirmation start, target: TraceID: <:TRACEID:> SpanID: <:SPANID:> Send order confirmation email to someone@example.com start., score: 1.0, deepth: 5, pod emailservice-55fdc5b988-f6xth, resource NetworkP90(ms)
[INFO]2026-08-20 12:26:16,329 pattern_ranker.py:602: 
[INFO]2026-08-20 12:26:33,621 data_integrate.py:481: [{'pod': 'paymentservice-9cdb6588f-554sm', 'alarm': [{'metric_type': 'NetworkP90(ms)', 'alarm_flag': True}]}, {'pod': 'adservice-5f6585d649-fnmft', 'alarm': [{'metric_type': 'MemoryUsageRate(%)', 'alarm_flag': True}]}]
[INFO]2026-08-20 12:27:19,047 data_integrate.py:550: Data Integrate Complete!
[INFO]2026-08-20 12:27:19,125 pattern_ranker.py:192: Soted Result List: [{'events': '165_48', 'score': 1.0, 'deepth': 5, 'pod': 'paymentservice-9cdb6588f-554sm', 'resource': 'NetworkP90(ms)'}]
[INFO]2026-08-20 12:27:19,229 pattern_ranker.py:545: 2022-08-22 05:52:54 Inject RCA Pod Result:
[INFO]2026-08-20 12:27:19,229 pattern_ranker.py:546: 2022-08-22 05:52:54 Inject Ground Truth: paymentservice-9cdb6588f-554sm, network_delay
[INFO]2026-08-20 12:27:19,229 pattern_ranker.py:559: 2022-08-22 05:52:54 Inject Ground Truth: paymentservice-9cdb6588f-554sm, network_delay score 1
[INFO]2026-08-20 12:27:19,229 pattern_ranker.py:597: source :paymentservice grpc.hipstershop.PaymentService/Charge start, target: TraceID: <:TRACEID:> SpanID: <:SPANID:> PaymentService#Charge invoked with request<:ITEM:>, score: 1.0, deepth: 5, pod paymentservice-9cdb6588f-554sm, resource NetworkP90(ms)
[INFO]2026-08-20 12:27:19,229 pattern_ranker.py:602: 
[INFO]2026-08-20 12:27:36,516 data_integrate.py:481: [{'pod': 'paymentservice-9cdb6588f-554sm', 'alarm': [{'metric_type': 'CpuUsageRate(%)', 'alarm_flag': True}]}, {'pod': 'adservice-5f6585d649-fnmft', 'alarm': [{'metric_type': 'MemoryUsageRate(%)', 'alarm_flag': True}]}]
[INFO]2026-08-20 12:28:20,838 data_integrate.py:550: Data Integrate Complete!
[INFO]2026-08-20 12:28:20,926 pattern_ranker.py:192: Soted Result List: [{'events': '165_48', 'score': 1.0, 'deepth': 5, 'pod': 'paymentservice-9cdb6588f-554sm', 'resource': 'CpuUsageRate(%)'}]
[INFO]2026-08-20 12:28:21,036 pattern_ranker.py:545: 2022-08-22 06:01:18 Inject RCA Pod Result:
[INFO]2026-08-20 12:28:21,037 pattern_ranker.py:546: 2022-08-22 06:01:18 Inject Ground Truth: paymentservice-9cdb6588f-554sm, cpu_contention
[INFO]2026-08-20 12:28:21,037 pattern_ranker.py:559: 2022-08-22 06:01:18 Inject Ground Truth: paymentservice-9cdb6588f-554sm, cpu_contention score 1
[INFO]2026-08-20 12:28:21,037 pattern_ranker.py:597: source :paymentservice grpc.hipstershop.PaymentService/Charge start, target: TraceID: <:TRACEID:> SpanID: <:SPANID:> PaymentService#Charge invoked with request<:ITEM:>, score: 1.0, deepth: 5, pod paymentservice-9cdb6588f-554sm, resource CpuUsageRate(%)
[INFO]2026-08-20 12:28:21,037 pattern_ranker.py:602: 
[INFO]2026-08-20 12:28:35,267 data_integrate.py:481: [{'pod': 'productcatalogservice-668d5f85fb-wckp8', 'alarm': [{'metric_type': 'CpuUsageRate(%)', 'alarm_flag': True}]}, {'pod': 'adservice-5f6585d649-fnmft', 'alarm': [{'metric_type': 'MemoryUsageRate(%)', 'alarm_flag': True}]}]
[INFO]2026-08-20 12:29:08,952 data_integrate.py:550: Data Integrate Complete!
[INFO]2026-08-20 12:29:09,682 pattern_ranker.py:192: Soted Result List: [{'events': '90_8', 'score': 1.0, 'deepth': 6, 'pod': 'productcatalogservice-668d5f85fb-wckp8', 'resource': 'CpuUsageRate(%)'}]
[INFO]2026-08-20 12:29:09,780 pattern_ranker.py:545: 2022-08-22 06:35:39 Inject RCA Pod Result:
[INFO]2026-08-20 12:29:09,780 pattern_ranker.py:546: 2022-08-22 06:35:39 Inject Ground Truth: productcatalogservice-668d5f85fb-wckp8, cpu_consumed
[INFO]2026-08-20 12:29:09,780 pattern_ranker.py:559: 2022-08-22 06:35:39 Inject Ground Truth: productcatalogservice-668d5f85fb-wckp8, cpu_consumed score 1
[INFO]2026-08-20 12:29:09,780 pattern_ranker.py:597: source :productcatalogservice hipstershop.ProductCatalogService/GetProduct start, target: TraceID: <:TRACEID:> SpanID: <:SPANID:> Query product with name and description <:*:>, score: 1.0, deepth: 6, pod productcatalogservice-668d5f85fb-wckp8, resource CpuUsageRate(%)
[INFO]2026-08-20 12:29:09,780 pattern_ranker.py:602: 
[INFO]2026-08-20 12:29:23,456 data_integrate.py:481: [{'pod': 'recommendationservice-6cfdd55578-gfj6q', 'alarm': [{'metric_type': 'NetworkP90(ms)', 'alarm_flag': True}]}, {'pod': 'adservice-5f6585d649-fnmft', 'alarm': [{'metric_type': 'MemoryUsageRate(%)', 'alarm_flag': True}]}]
[INFO]2026-08-20 12:29:56,759 data_integrate.py:550: Data Integrate Complete!
[INFO]2026-08-20 12:29:56,877 pattern_ranker.py:192: Soted Result List: [{'events': '108_7', 'score': 1.0, 'deepth': 2, 'pod': 'recommendationservice-6cfdd55578-gfj6q', 'resource': 'NetworkP90(ms)'}]
[INFO]2026-08-20 12:29:56,971 pattern_ranker.py:545: 2022-08-22 06:52:56 Inject RCA Pod Result:
[INFO]2026-08-20 12:29:56,971 pattern_ranker.py:546: 2022-08-22 06:52:56 Inject Ground Truth: recommendationservice-6cfdd55578-gfj6q, network_delay
[INFO]2026-08-20 12:29:56,971 pattern_ranker.py:559: 2022-08-22 06:52:56 Inject Ground Truth: recommendationservice-6cfdd55578-gfj6q, network_delay score 1
[INFO]2026-08-20 12:29:56,971 pattern_ranker.py:597: source :recommendationservice /hipstershop.RecommendationService/ListRecommendations start, target: TraceID: <:TRACEID:> SpanID: <:SPANID:> Query Recommendations, score: 1.0, deepth: 2, pod recommendationservice-6cfdd55578-gfj6q, resource NetworkP90(ms)
[INFO]2026-08-20 12:29:56,971 pattern_ranker.py:602: 
[INFO]2026-08-20 12:30:10,198 data_integrate.py:481: [{'pod': 'recommendationservice-6cfdd55578-gfj6q', 'alarm': [{'metric_type': 'CpuUsageRate(%)', 'alarm_flag': True}]}, {'pod': 'adservice-5f6585d649-fnmft', 'alarm': [{'metric_type': 'MemoryUsageRate(%)', 'alarm_flag': True}]}]
[INFO]2026-08-20 12:30:40,405 data_integrate.py:550: Data Integrate Complete!
[INFO]2026-08-20 12:30:40,520 pattern_ranker.py:192: Soted Result List: [{'events': '108_7', 'score': 1.0, 'deepth': 2, 'pod': 'recommendationservice-6cfdd55578-gfj6q', 'resource': 'CpuUsageRate(%)'}]
[INFO]2026-08-20 12:30:40,611 pattern_ranker.py:545: 2022-08-22 07:01:25 Inject RCA Pod Result:
[INFO]2026-08-20 12:30:40,611 pattern_ranker.py:546: 2022-08-22 07:01:25 Inject Ground Truth: recommendationservice-6cfdd55578-gfj6q, cpu_contention
[INFO]2026-08-20 12:30:40,611 pattern_ranker.py:559: 2022-08-22 07:01:25 Inject Ground Truth: recommendationservice-6cfdd55578-gfj6q, cpu_contention score 1
[INFO]2026-08-20 12:30:40,612 pattern_ranker.py:597: source :recommendationservice /hipstershop.RecommendationService/ListRecommendations start, target: TraceID: <:TRACEID:> SpanID: <:SPANID:> Query Recommendations, score: 1.0, deepth: 2, pod recommendationservice-6cfdd55578-gfj6q, resource CpuUsageRate(%)
[INFO]2026-08-20 12:30:40,612 pattern_ranker.py:602: 
[INFO]2026-08-20 12:30:48,577 data_integrate.py:481: [{'pod': 'recommendationservice-6cfdd55578-gfj6q', 'alarm': [{'metric_type': 'CpuUsageRate(%)', 'alarm_flag': True}]}, {'pod': 'adservice-5f6585d649-fnmft', 'alarm': [{'metric_type': 'MemoryUsageRate(%)', 'alarm_flag': True}]}]
[INFO]2026-08-20 12:31:06,308 data_integrate.py:550: Data Integrate Complete!
[INFO]2026-08-20 12:31:07,085 pattern_ranker.py:192: Soted Result List: [{'events': '108_7', 'score': 1.0, 'deepth': 2, 'pod': 'recommendationservice-6cfdd55578-gfj6q', 'resource': 'CpuUsageRate(%)'}, {'events': '104_106', 'score': 0.7067988668555241, 'deepth': 2, 'pod': 'currencyservice-cf787dd48-vpjrd'}, {'events': '28_208', 'score': 0.6753246753246753, 'deepth': 4, 'pod': 'adservice-5f6585d649-fnmft', 'resource': 'MemoryUsageRate(%)'}, {'events': '4_42', 'score': 0.6753246753246753, 'deepth': 1, 'pod': 'frontend-579b9bff58-t2dbm'}, {'events': '16_41', 'score': 0.6753246753246753, 'deepth': 1, 'pod': 'frontend-579b9bff58-t2dbm'}, {'events': '4_40', 'score': 0.6744186046511628, 'deepth': 1, 'pod': 'frontend-579b9bff58-t2dbm'}]
[INFO]2026-08-20 12:31:07,145 pattern_ranker.py:545: 2022-08-22 07:10:43 Inject RCA Pod Result:
[INFO]2026-08-20 12:31:07,145 pattern_ranker.py:546: 2022-08-22 07:10:43 Inject Ground Truth: recommendationservice-6cfdd55578-gfj6q, cpu_consumed
[INFO]2026-08-20 12:31:07,145 pattern_ranker.py:559: 2022-08-22 07:10:43 Inject Ground Truth: recommendationservice-6cfdd55578-gfj6q, cpu_consumed score 1
[INFO]2026-08-20 12:31:07,145 pattern_ranker.py:597: source :recommendationservice /hipstershop.RecommendationService/ListRecommendations start, target: TraceID: <:TRACEID:> SpanID: <:SPANID:> Query Recommendations, score: 1.0, deepth: 2, pod recommendationservice-6cfdd55578-gfj6q, resource CpuUsageRate(%)
[INFO]2026-08-20 12:31:07,145 pattern_ranker.py:600: source :currencyservice grpc.hipstershop.CurrencyService/Convert start, target: currencyservice hipstershop.CurrencyService/Carry start, score: 0.7067988668555241, deepth: 2, pod currencyservice-cf787dd48-vpjrd
[INFO]2026-08-20 12:31:07,145 pattern_ranker.py:597: source :<:NUM:>:<:NUM:>:<:NUM:>.<:NUM:> INFO - TraceID: <:TRACEID:> SpanID: <:SPANID:> Received ad request (context words=<:ITEM:>, target: <:NUM:>:<:NUM:>:<:NUM:>.<:NUM:> INFO - TraceID: <:TRACEID:> SpanID: <:SPANID:> No context provided. Constructe random Ads start, score: 0.6753246753246753, deepth: 4, pod adservice-5f6585d649-fnmft, resource MemoryUsageRate(%)
[INFO]2026-08-20 12:31:07,145 pattern_ranker.py:600: source :TraceID: <:TRACEID:> SpanID: <:SPANID:> Request started, target: TraceID: <:TRACEID:> SpanID: <:SPANID:> Request home started, score: 0.6753246753246753, deepth: 1, pod frontend-579b9bff58-t2dbm
[INFO]2026-08-20 12:31:07,145 pattern_ranker.py:600: source :TraceID: <:TRACEID:> SpanID: <:SPANID:> Choose Ad complete, target: TraceID: <:TRACEID:> SpanID: <:SPANID:> Request home complete, score: 0.6753246753246753, deepth: 1, pod frontend-579b9bff58-t2dbm
[INFO]2026-08-20 12:31:07,145 pattern_ranker.py:600: source :TraceID: <:TRACEID:> SpanID: <:SPANID:> Request started, target: TraceID: <:TRACEID:> SpanID: <:SPANID:> Setting currency started, score: 0.6744186046511628, deepth: 1, pod frontend-579b9bff58-t2dbm
[INFO]2026-08-20 12:31:07,145 pattern_ranker.py:602: 
[INFO]2026-08-20 12:31:32,174 data_integrate.py:481: [{'pod': 'adservice-5f6585d649-fnmft', 'alarm': [{'metric_type': 'MemoryUsageRate(%)', 'alarm_flag': True}]}, {'pod': 'shippingservice-7b598fc7d-lmggd', 'alarm': [{'metric_type': 'NetworkP90(ms)', 'alarm_flag': True}]}]
[INFO]2026-08-20 12:32:10,553 data_integrate.py:550: Data Integrate Complete!
[INFO]2026-08-20 12:32:10,982 pattern_ranker.py:192: Soted Result List: [{'events': '130_34', 'score': 1.0, 'deepth': 8, 'pod': 'shippingservice-7b598fc7d-lmggd', 'resource': 'NetworkP90(ms)'}]
[INFO]2026-08-20 12:32:11,084 pattern_ranker.py:545: 2022-08-22 07:17:55 Inject RCA Pod Result:
[INFO]2026-08-20 12:32:11,085 pattern_ranker.py:546: 2022-08-22 07:17:55 Inject Ground Truth: shippingservice-7b598fc7d-lmggd, network_delay
[INFO]2026-08-20 12:32:11,085 pattern_ranker.py:559: 2022-08-22 07:17:55 Inject Ground Truth: shippingservice-7b598fc7d-lmggd, network_delay score 1
[INFO]2026-08-20 12:32:11,085 pattern_ranker.py:597: source :shippingservice hipstershop.ShippingService/QuoteByCountFloat start, target: TraceID: <:TRACEID:> SpanID: <:SPANID:>[QuoteByCountFloat] received request, score: 1.0, deepth: 8, pod shippingservice-7b598fc7d-lmggd, resource NetworkP90(ms)
[INFO]2026-08-20 12:32:11,085 pattern_ranker.py:602: 
[INFO]2026-08-20 12:32:27,567 data_integrate.py:481: [{'pod': 'adservice-5f6585d649-fnmft', 'alarm': [{'metric_type': 'MemoryUsageRate(%)', 'alarm_flag': True}]}, {'pod': 'shippingservice-7b598fc7d-lmggd', 'alarm': [{'metric_type': 'CpuUsageRate(%)', 'alarm_flag': True}]}]
[INFO]2026-08-20 12:32:58,830 data_integrate.py:550: Data Integrate Complete!
[INFO]2026-08-20 12:32:59,260 pattern_ranker.py:192: Soted Result List: [{'events': '130_34', 'score': 1.0, 'deepth': 8, 'pod': 'shippingservice-7b598fc7d-lmggd', 'resource': 'CpuUsageRate(%)'}]
[INFO]2026-08-20 12:32:59,364 pattern_ranker.py:545: 2022-08-22 07:26:48 Inject RCA Pod Result:
[INFO]2026-08-20 12:32:59,364 pattern_ranker.py:546: 2022-08-22 07:26:48 Inject Ground Truth: shippingservice-7b598fc7d-lmggd, cpu_contention
[INFO]2026-08-20 12:32:59,364 pattern_ranker.py:559: 2022-08-22 07:26:48 Inject Ground Truth: shippingservice-7b598fc7d-lmggd, cpu_contention score 1
[INFO]2026-08-20 12:32:59,364 pattern_ranker.py:597: source :shippingservice hipstershop.ShippingService/QuoteByCountFloat start, target: TraceID: <:TRACEID:> SpanID: <:SPANID:>[QuoteByCountFloat] received request, score: 1.0, deepth: 8, pod shippingservice-7b598fc7d-lmggd, resource CpuUsageRate(%)
[INFO]2026-08-20 12:32:59,365 pattern_ranker.py:602: 
[INFO]2026-08-20 12:33:17,109 data_integrate.py:481: [{'pod': 'adservice-5f6585d649-fnmft', 'alarm': [{'metric_type': 'MemoryUsageRate(%)', 'alarm_flag': True}]}]
[INFO]2026-08-20 12:33:50,539 data_integrate.py:550: Data Integrate Complete!
[INFO]2026-08-20 12:33:51,020 pattern_ranker.py:192: Soted Result List: [{'events': '28_208', 'score': 1.0, 'deepth': 4, 'pod': 'adservice-5f6585d649-fnmft', 'resource': 'MemoryUsageRate(%)'}, {'events': '16_41', 'score': 1.0, 'deepth': 1, 'pod': 'frontend-579b9bff58-t2dbm'}]
[INFO]2026-08-20 12:33:51,123 pattern_ranker.py:545: 2022-08-22 07:44:20 Inject RCA Pod Result:
[INFO]2026-08-20 12:33:51,123 pattern_ranker.py:546: 2022-08-22 07:44:20 Inject Ground Truth: adservice-5f6585d649-fnmft, return
[INFO]2026-08-20 12:33:51,123 pattern_ranker.py:575: 2022-08-22 07:44:20 Inject Ground Truth: adservice-5f6585d649-fnmft, return score 1
[INFO]2026-08-20 12:33:51,124 pattern_ranker.py:597: source :<:NUM:>:<:NUM:>:<:NUM:>.<:NUM:> INFO - TraceID: <:TRACEID:> SpanID: <:SPANID:> Received ad request (context words=<:ITEM:>, target: <:NUM:>:<:NUM:>:<:NUM:>.<:NUM:> INFO - TraceID: <:TRACEID:> SpanID: <:SPANID:> No context provided. Constructe random Ads start, score: 1.0, deepth: 4, pod adservice-5f6585d649-fnmft, resource MemoryUsageRate(%)
[INFO]2026-08-20 12:33:51,124 pattern_ranker.py:600: source :TraceID: <:TRACEID:> SpanID: <:SPANID:> Choose Ad complete, target: TraceID: <:TRACEID:> SpanID: <:SPANID:> Request home complete, score: 1.0, deepth: 1, pod frontend-579b9bff58-t2dbm
[INFO]2026-08-20 12:33:51,124 pattern_ranker.py:602: 
[INFO]2026-08-20 12:34:06,641 data_integrate.py:481: [{'pod': 'adservice-5f6585d649-fnmft', 'alarm': [{'metric_type': 'MemoryUsageRate(%)', 'alarm_flag': True}]}]
