[INFO]2026-08-20 12:34:43,473 main.py:45: ------- OnlineBoutique Result at inner service level -------
[INFO]2026-08-20 12:35:02,085 data_integrate.py:481: [{'pod': 'adservice-5f6585d649-fnmft', 'alarm': [{'metric_type': 'MemoryUsageRate(%)', 'alarm_flag': True}]}]
[INFO]2026-08-20 12:35:40,451 data_integrate.py:550: Data Integrate Complete!
[INFO]2026-08-20 12:35:52,027 data_integrate.py:481: [{'pod': 'frontend-579b9bff58-t2dbm', 'alarm': [{'metric_type': 'CpuUsageRate(%)', 'alarm_flag': True}]}, {'pod': 'adservice-5f6585d649-fnmft', 'alarm': [{'metric_type': 'MemoryUsageRate(%)', 'alarm_flag': True}]}]
[INFO]2026-08-20 12:36:29,055 data_integrate.py:550: Data Integrate Complete!
[INFO]2026-08-20 12:36:29,220 pattern_ranker.py:192: Soted Result List: [{'events': '76_4', 'score': 1.0, 'deepth': 1, 'pod': 'frontend-579b9bff58-t2dbm', 'resource': 'CpuUsageRate(%)'}, {'events': '104_106', 'score': 0.7028169014084507, 'deepth': 2, 'pod': 'currencyservice-cf787dd48-vpjrd'}]
[INFO]2026-08-20 12:36:29,297 pattern_ranker.py:254: 2022-08-22 03:53:54 Inject RCA Result:
[INFO]2026-08-20 12:36:29,297 pattern_ranker.py:255: 2022-08-22 03:53:54 Inject Ground Truth: frontend-579b9bff58-t2dbm, cpu_contention
[INFO]2026-08-20 12:36:29,298 pattern_ranker.py:270: 2022-08-22 03:53:54 Inject Ground Truth: frontend-579b9bff58-t2dbm, cpu_contention score 1
[INFO]2026-08-20 12:36:29,298 pattern_ranker.py:308: source :frontend hipstershop.Frontend/Recv. start, target: TraceID: <:TRACEID:> SpanID: <:SPANID:> Request started, score: 1.0, deepth: 1, pod frontend-579b9bff58-t2dbm, resource alert CpuUsageRate(%)
[INFO]2026-08-20 12:36:29,298 pattern_ranker.py:311: source :currencyservice grpc.hipstershop.CurrencyService/Convert start, target: currencyservice hipstershop.CurrencyService/Carry start, score: 0.7028169014084507, deepth: 2, pod currencyservice-cf787dd48-vpjrd
[INFO]2026-08-20 12:36:29,298 pattern_ranker.py:320: 
[INFO]2026-08-20 12:36:38,080 data_integrate.py:481: [{'pod': 'adservice-5f6585d649-fnmft', 'alarm': [{'metric_type': 'MemoryUsageRate(%)', 'alarm_flag': True}]}]
[INFO]2026-08-20 12:36:58,848 data_integrate.py:550: Data Integrate Complete!
[ERROR]2026-08-20 12:36:59,890 pattern_ranker.py:185: Catch an exception: pop index out of range
[INFO]2026-08-20 12:36:59,891 pattern_ranker.py:192: Soted Result List: [{'events': '120_198', 'score': 1.0, 'deepth': 4, 'pod': 'adservice-5f6585d649-fnmft', 'resource': 'MemoryUsageRate(%)'}, {'events': '28_119', 'score': 1.0, 'deepth': 4, 'pod': 'adservice-5f6585d649-fnmft', 'resource': 'MemoryUsageRate(%)'}, {'events': '28_120', 'score': 1.0, 'deepth': 4, 'pod': 'adservice-5f6585d649-fnmft', 'resource': 'MemoryUsageRate(%)'}, {'events': '18_78', 'score': 1.0, 'deepth': 1, 'pod': 'frontend-579b9bff58-t2dbm'}, {'events': '18_17', 'score': 1.0, 'deepth': 1, 'pod': 'frontend-579b9bff58-t2dbm'}, {'events': '18_80', 'score': 1.0, 'deepth': 1, 'pod': 'frontend-579b9bff58-t2dbm'}, {'events': '18_82', 'score': 1.0, 'deepth': 1, 'pod': 'frontend-579b9bff58-t2dbm'}, {'events': '18_84', 'score': 1.0, 'deepth': 1, 'pod': 'frontend-579b9bff58-t2dbm'}, {'events': '18_86', 'score': 1.0, 'deepth': 1, 'pod': 'frontend-579b9bff58-t2dbm'}, {'events': '16_15', 'score': 1.0, 'deepth': 1, 'pod': 'frontend-579b9bff58-t2dbm'}]
[INFO]2026-08-20 12:36:59,993 pattern_ranker.py:254: 2022-08-22 04:02:07 Inject RCA Result:
[INFO]2026-08-20 12:36:59,993 pattern_ranker.py:255: 2022-08-22 04:02:07 Inject Ground Truth: frontend-579b9bff58-t2dbm, return
[INFO]2026-08-20 12:36:59,993 pattern_ranker.py:286: 2022-08-22 04:02:07 Inject Ground Truth: frontend-579b9bff58-t2dbm, return score 2
[INFO]2026-08-20 12:36:59,994 pattern_ranker.py:308: source :adservice hipstershop.AdService/<:SPANID:> start, target: MemoryUsageRate(%), score: 1.0, deepth: 4, pod adservice-5f6585d649-fnmft, resource alert MemoryUsageRate(%)
[INFO]2026-08-20 12:36:59,994 pattern_ranker.py:308: source :<:NUM:>:<:NUM:>:<:NUM:>.<:NUM:> INFO - TraceID: <:TRACEID:> SpanID: <:SPANID:> Received ad request (context words=<:ITEM:>, target: adservice hipstershop.AdServiceImpl/getAds end, score: 1.0, deepth: 4, pod adservice-5f6585d649-fnmft, resource alert MemoryUsageRate(%)
[INFO]2026-08-20 12:36:59,994 pattern_ranker.py:308: source :<:NUM:>:<:NUM:>:<:NUM:>.<:NUM:> INFO - TraceID: <:TRACEID:> SpanID: <:SPANID:> Received ad request (context words=<:ITEM:>, target: adservice hipstershop.AdService/<:SPANID:> start, score: 1.0, deepth: 4, pod adservice-5f6585d649-fnmft, resource alert MemoryUsageRate(%)
[INFO]2026-08-20 12:36:59,994 pattern_ranker.py:311: source :TraceID: <:TRACEID:> SpanID: <:SPANID:> Serving product page started, target: frontend hipstershop.ProductCatalogService/GetProduct start, score: 1.0, deepth: 1, pod frontend-579b9bff58-t2dbm
[INFO]2026-08-20 12:36:59,994 pattern_ranker.py:316: actual pattern source :TraceID: <:TRACEID:> SpanID: <:SPANID:> Serving product page started, target: TraceID: <:TRACEID:> SpanID: <:SPANID:> Product id not specified
[INFO]2026-08-20 12:36:59,994 pattern_ranker.py:311: source :TraceID: <:TRACEID:> SpanID: <:SPANID:> Serving product page started, target: TraceID: <:TRACEID:> SpanID: <:SPANID:> Choose Ad started, score: 1.0, deepth: 1, pod frontend-579b9bff58-t2dbm
[INFO]2026-08-20 12:36:59,994 pattern_ranker.py:316: actual pattern source :TraceID: <:TRACEID:> SpanID: <:SPANID:> Serving product page started, target: TraceID: <:TRACEID:> SpanID: <:SPANID:> Product id not specified
[INFO]2026-08-20 12:36:59,994 pattern_ranker.py:311: source :TraceID: <:TRACEID:> SpanID: <:SPANID:> Serving product page started, target: frontend hipstershop.CurrencyService/GetSupportedCurrencies start, score: 1.0, deepth: 1, pod frontend-579b9bff58-t2dbm
[INFO]2026-08-20 12:36:59,994 pattern_ranker.py:316: actual pattern source :TraceID: <:TRACEID:> SpanID: <:SPANID:> Serving product page started, target: TraceID: <:TRACEID:> SpanID: <:SPANID:> Product id not specified
[INFO]2026-08-20 12:36:59,994 pattern_ranker.py:311: source :TraceID: <:TRACEID:> SpanID: <:SPANID:> Serving product page started, target: frontend hipstershop.CartService/GetCart start, score: 1.0, deepth: 1, pod frontend-579b9bff58-t2dbm
[INFO]2026-08-20 12:36:59,994 pattern_ranker.py:316: actual pattern source :TraceID: <:TRACEID:> SpanID: <:SPANID:> Serving product page started, target: TraceID: <:TRACEID:> SpanID: <:SPANID:> Product id not specified
[INFO]2026-08-20 12:36:59,995 pattern_ranker.py:311: source :TraceID: <:TRACEID:> SpanID: <:SPANID:> Serving product page started, target: frontend hipstershop.CurrencyService/Convert start, score: 1.0, deepth: 1, pod frontend-579b9bff58-t2dbm
[INFO]2026-08-20 12:36:59,995 pattern_ranker.py:316: actual pattern source :TraceID: <:TRACEID:> SpanID: <:SPANID:> Serving product page started, target: TraceID: <:TRACEID:> SpanID: <:SPANID:> Product id not specified
[INFO]2026-08-20 12:36:59,995 pattern_ranker.py:311: source :TraceID: <:TRACEID:> SpanID: <:SPANID:> Serving product page started, target: frontend hipstershop.RecommendationService/ListRecommendations start, score: 1.0, deepth: 1, pod frontend-579b9bff58-t2dbm
[INFO]2026-08-20 12:36:59,995 pattern_ranker.py:316: actual pattern source :TraceID: <:TRACEID:> SpanID: <:SPANID:> Serving product page started, target: TraceID: <:TRACEID:> SpanID: <:SPANID:> Product id not specified
[INFO]2026-08-20 12:36:59,995 pattern_ranker.py:311: source :TraceID: <:TRACEID:> SpanID: <:SPANID:> Choose Ad complete, target: TraceID: <:TRACEID:> SpanID: <:SPANID:> Serving product page complete, score: 1.0, deepth: 1, pod frontend-579b9bff58-t2dbm
[INFO]2026-08-20 12:36:59,995 pattern_ranker.py:320: 
[INFO]2026-08-20 12:37:11,849 data_integrate.py:481: [{'pod': 'frontend-579b9bff58-t2dbm', 'alarm': [{'metric_type': 'CpuUsageRate(%)', 'alarm_flag': True}]}, {'pod': 'adservice-5f6585d649-fnmft', 'alarm': [{'metric_type': 'MemoryUsageRate(%)', 'alarm_flag': True}]}]
